[www.hdi.de/privatkunden/service/schadenmeldung/index.html]
[backblue.gif]
[fade.gif]
[index.html]
[www.hdi.de/assets/static/fix.css]
[www.hdi.de/assets/static/idd.js]
[www.hdi.de/static/shared/css/external.mined9b.css]
[www.hdi.de/static/shared/css/styles-bundleed9b.css]
[www.hdi.de/static/shared/css/forms-bundleed9b.css]
[www.hdi.de/static/shared/img/hdi-logo_105x65ed9b.png]
[www.hdi.de/privatkunden/service/schadenmeldung/kraftfahrt-produktanfrage.html]
[www.hdi.de/privatkunden/service/schadenmeldung/kfz-glasschaden.html]
[www.hdi.de/privatkunden/service/schadenmeldung/kfz-schadenmeldung-hagel.html]
[www.hdi.de/privatkunden/service/schadenmeldung/privathaftpflicht.html]
[www.hdi.de/privatkunden/service/schadenmeldung/hausrat-gebaeude-glas.html]
[www.hdi.de/privatkunden/service/schadenmeldung/unfall.html]
[www.hdi.de/privatkunden/service/schadenmeldung/reisegepaeck-sonstiges.html]
[www.hdi.de/privatkunden/service/schadenmeldung/reiseruecktritt.html]
[www.hdi.de/privatkunden/service/schadenmeldung/bauleistung.html]
[www.hdi.de/transform/XLXIquWy6aVgdUun0cFV2VMiizY=/280x0/images/custom/search/no-image-default.png]
[www.hdi.de/transform/BkPJGlhRWNpsR4-VN29eV9AXnqs=/2560x640/images/4x1/header/ratgeber-schaden-melden-handy-hand.jpg]
[www.hdi.de/transform/u5uvACnHrvz6rfqiz9CrC0Vv5D4=/1180x295/images/4x1/header/ratgeber-schaden-melden-handy-hand.jpg]
[www.hdi.de/transform/vArq3bkh1q_Y2riYMU8M7VvwWJE=/996x332/images/3x1/header/ratgeber-schaden-melden-handy-hand.jpg]
[www.hdi.de/transform/XyGZp3npzy9l0z2UjjfWTMng6wQ=/768x512/images/3x2/header/ratgeber-schaden-melden-handy-hand.jpg]
[www.hdi.de/static/shared/img/hdi_logoed9b.png]
[www.hdi.de/static/shared/img/hammer.png]
[www.hdi.de/static/shared/img/PDF_icon.png]
[www.hdi.de/static/shared/img/calculator_iconed9b.png]
[www.hdi.de/static/shared/js/pluginsed9b.js]
[www.hdi.de/static/shared/main-bundleed9b.js]
[www.hdi.de/privatkunden/service/schadenmeldung/index.html]
[www.googletagmanager.com/gtm5445.html]
[www.hdi.de/assets/static/fix.css]
[www.hdi.de/static/shared/styles-bundleed9b.js]
[www.hdi.de/static/shared/img/layout/sprite.png]
[www.hdi.de/static/shared/css/external.mined9b.css]
[www.hdi.de/static/shared/css/styles-bundleed9b.css]
[www.hdi.de/static/shared/css/forms-bundleed9b.css]
[www.hdi.de/static/shared/forms-toped9b.js]
[www.hdi.de/privatkunden/service/schadenmeldung/kraftfahrt-produktanfrage.html]
[www.hdi.de/transform/6rCRFNWKfp6gno3a9qfaPBVKgEk=/642x0/images/custom/de/privatkunden/service/schadenservice/kraftfahrt/logo-junited-autoglas.jpg]
[www.hdi.de/transform/InjQMlqHG0DALRnKDxes9DQXEXA=/642x0/images/custom/de/privatkunden/service/schadenservice/kraftfahrt/logo-carglass.jpg]
[www.hdi.de/transform/o4DN_YIfMr7Wxn1FQ6p3pkkmcHo=/642x0/images/custom/de/privatkunden/service/schadenservice/kraftfahrt/logo-ksautoglas.jpg]
[www.hdi.de/privatkunden/service/schadenmeldung/kfz-glasschaden.html]
[www.hdi.de/privatkunden/service/schadenmeldung/kfz-schadenmeldung-hagel.html]
[www.hdi.de/assets/components/webforms/overwrites.css]
[www.hdi.de/privatkunden/service/schadenmeldung/privathaftpflicht.html]
[www.hdi.de/privatkunden/service/schadenmeldung/hausrat-gebaeude-glas.html]
[www.hdi.de/privatkunden/service/schadenmeldung/unfall.html]
[www.hdi.de/privatkunden/service/schadenmeldung/reisegepaeck-sonstiges.html]
[www.hdi.de/privatkunden/service/schadenmeldung/reiseruecktritt.html]
[www.hdi.de/privatkunden/service/schadenmeldung/bauleistung.html]
[www.hdi.de/static/shared/img/layout/sprite.html]
[www.hdi.de/assets/components/webforms/overwrites.css]
[www.hdi.de/static/shared/main-react-bundleed9b.js]
